[LiveWatch] [i] EPG: 3+8 fontes
[EPG] Downloading IDs: epg_ripper_BR1.txt
[EPG]   266 IDs found (via .txt)
[EPG] Downloading IDs: epg_ripper_BR2.txt
[EPG]   97 IDs found (via .txt)
[EPG] Downloading IDs: epg_ripper_US2.txt
[EPG]   769 IDs found (via .txt)
[EPG] Downloading globetv EPG: brazil1.xml.gz
[EPG]   801 channels found
[EPG] Downloading globetv EPG: brazil2.xml.gz
[EPG]   159 channels found
[EPG] Downloading globetv EPG: brazil3.xml.gz
[EPG]   397 channels found
[EPG] Downloading globetv EPG: brazil4.xml.gz
[EPG]   8 channels found
[EPG] Downloading globetv EPG: usa1.xml.gz
[EPG]   187 channels found
[EPG] Downloading globetv EPG: usa2.xml.gz
[EPG]   157 channels found
[EPG] Downloading globetv EPG: usa3.xml.gz
[EPG]   157 channels found
[EPG] Downloading globetv EPG: usa4.xml.gz
[EPG]   157 channels found
[EPG] Total IDs (epgshare + globetv): 2621
[LiveWatch] [i] EPG ativado

[LiveWatch] --- brasil ---
[LiveWatch] [+] Buscando Ramys/Iptv-Brasil-2026
[LiveWatch]    5 listas encontradas
[LiveWatch] [+] CanaisBR01.m3u8 (1/5)
[LiveWatch]    314191 entradas (628384 linhas)
[LiveWatch] [+] CanaisBR02.m3u8 (2/5)
[LiveWatch]    302721 entradas (605444 linhas)
[LiveWatch] [+] CanaisBR03.m3u8 (3/5)
[LiveWatch]    326295 entradas (652592 linhas)
[LiveWatch] [+] CanaisBR04.m3u8 (4/5)
[LiveWatch]    314195 entradas (628392 linhas)
[LiveWatch] [+] CanaisBR05.m3u8 (5/5)
[LiveWatch]    24 entradas (320 linhas)
[LiveWatch] [-] 311925 grupos ignorados
[LiveWatch] [-] 301845 grupos ignorados
[LiveWatch] [-] 323932 grupos ignorados
[LiveWatch] [-] 311928 grupos ignorados
[LiveWatch] [*] 3709 grupos remapeados
[LiveWatch] [-] 1386 canais indesejados
[LiveWatch] [*] 6252 canais recategorizados
[LiveWatch] [*] 168 canais recategorizados (categorias)
[LiveWatch] [-] 369 canais filtrados (grupo)

[LiveWatch] --- iptv-org ---
[LiveWatch] [+] channels.json
[LiveWatch]    31488 registros
[LiveWatch]    822 canais BR
[LiveWatch]    817 canais validos
[LiveWatch] [+] streams.json
[LiveWatch]    18139 registros
[LiveWatch]    462 streams
[LiveWatch] [*] 79 grupos remapeados
[LiveWatch] [-] 83 canais indesejados
[LiveWatch] [*] 321 canais recategorizados
[LiveWatch] [*] 16 canais recategorizados (categorias)
[LiveWatch] [-] 20 canais filtrados (grupo)

[LiveWatch] --- manotv ---
[LiveWatch] [+] ManoTV.m3u (1/1)
[LiveWatch]    2004 entradas (6639 linhas)
[LiveWatch] [*] 216 grupos remapeados
[LiveWatch] [-] 1300 URLs bloqueadas
[LiveWatch] [-] 210 canais indesejados
[LiveWatch] [*] 470 canais recategorizados
[LiveWatch] [*] 12 canais recategorizados (categorias)
[LiveWatch] [-] 3 grupos excluidos
[LiveWatch] [-] 27 canais filtrados (grupo)

[LiveWatch] [i] Total combinado: 6864
[LiveWatch] [*] 5979 nomes normalizados
[LiveWatch] [-] 43 duplicatas URL
[LiveWatch] [*] 4163 conflitos renomeados
[LiveWatch] [+] Final: 6821 canais
[LiveWatch] [+] LiveWatch-PlaylistAll.m3u (6821 canais)
[LiveWatch] [+] LiveWatch-PlaylistAll.m3u8 (6821 canais)
[LiveWatch] [+] Playlist salva!
